# Activity Log - Auto-generated entries
# Format: YYYY-MM-DD HH:MM:SS UTC - message
# ─────────────────────────────────────────────────────────────
2026-02-02 19:25:36 UTC - Synchronized configuration across nodes
2026-02-03 15:39:08 UTC - Updated dependency vulnerability scan results
2026-02-04 15:32:36 UTC - Verified backup integrity checksums
2026-02-05 15:32:18 UTC - Processed queued background tasks
2026-02-06 15:30:38 UTC - Completed storage quota recalculation
2026-02-07 15:15:21 UTC - Synchronized replica lag metrics
2026-02-08 15:16:36 UTC - Processed queued background tasks
2026-02-09 15:44:32 UTC - Updated SSL certificate expiry tracker
2026-02-10 15:56:37 UTC - Recalculated aggregate statistics
2026-02-11 15:50:11 UTC - Recalculated aggregate statistics
2026-02-12 15:40:53 UTC - Updated daily metrics for AI scheduler
2026-02-13 15:32:08 UTC - Ran integrity check on data store
2026-02-14 15:15:37 UTC - Rotated log files and archived old entries
2026-02-15 15:15:53 UTC - Processed webhook delivery queue
2026-02-16 15:31:45 UTC - Refreshed API rate limit counters
2026-02-17 15:41:18 UTC - Refreshed API rate limit counters
2026-02-18 15:40:37 UTC - Synced appointments data with external system
2026-02-19 15:38:23 UTC - Refreshed CDN edge cache status
2026-02-20 15:29:31 UTC - Updated daily metrics for AI scheduler
2026-02-21 15:14:31 UTC - Synchronized configuration across nodes
2026-02-22 15:15:15 UTC - Refreshed feature flag configurations
